// Jest Snapshot v1, https://goo.gl/fbAQLP

exports[`Minesweeper Application Component should render with given state from Redux store 1`] = `
<div
  className="MuiGrid-root MuiGrid-container MuiGrid-direction-xs-column css-1ewlecp-MuiGrid-root"
>
  <div
    className="MuiGrid-root MuiGrid-item MuiGrid-grid-xs-true css-1vd824g-MuiGrid-root"
  >
    Welcome to minesweeper game!
  </div>
  <div
    className="MuiGrid-root MuiGrid-item css-13i4rnv-MuiGrid-root"
  >
    <h2>
      Select the level and enjoy the game!
    </h2>
  </div>
  <div
    className="MuiGrid-root MuiGrid-item MuiGrid-grid-xs-true css-12fe4sh-MuiGrid-root"
  >
    <div
      className="MuiGrid-root MuiGrid-container css-5t3b3g-MuiGrid-root"
    >
      <div
        className="MuiGrid-root MuiGrid-item css-13i4rnv-MuiGrid-root"
      >
        <button
          className="MuiButton-root MuiButton-contained MuiButton-containedSuccess MuiButton-sizeMedium MuiButton-containedSizeMedium MuiButtonBase-root  css-ke5b6m-MuiButtonBase-root-MuiButton-root"
          disabled={false}
          onBlur={[Function]}
          onClick={[Function]}
          onContextMenu={[Function]}
          onDragLeave={[Function]}
          onFocus={[Function]}
          onKeyDown={[Function]}
          onKeyUp={[Function]}
          onMouseDown={[Function]}
          onMouseLeave={[Function]}
          onMouseUp={[Function]}
          onTouchEnd={[Function]}
          onTouchMove={[Function]}
          onTouchStart={[Function]}
          tabIndex={0}
          type="button"
        >
          Beginner
        </button>
      </div>
      <div
        className="MuiGrid-root MuiGrid-item css-13i4rnv-MuiGrid-root"
      >
        <button
          className="MuiButton-root MuiButton-contained MuiButton-containedSuccess MuiButton-sizeMedium MuiButton-containedSizeMedium MuiButtonBase-root  css-ke5b6m-MuiButtonBase-root-MuiButton-root"
          disabled={false}
          onBlur={[Function]}
          onClick={[Function]}
          onContextMenu={[Function]}
          onDragLeave={[Function]}
          onFocus={[Function]}
          onKeyDown={[Function]}
          onKeyUp={[Function]}
          onMouseDown={[Function]}
          onMouseLeave={[Function]}
          onMouseUp={[Function]}
          onTouchEnd={[Function]}
          onTouchMove={[Function]}
          onTouchStart={[Function]}
          tabIndex={0}
          type="button"
        >
          Intermediate
        </button>
      </div>
      <div
        className="MuiGrid-root MuiGrid-item css-13i4rnv-MuiGrid-root"
      >
        <button
          className="MuiButton-root MuiButton-contained MuiButton-containedSuccess MuiButton-sizeMedium MuiButton-containedSizeMedium MuiButtonBase-root  css-ke5b6m-MuiButtonBase-root-MuiButton-root"
          disabled={false}
          onBlur={[Function]}
          onClick={[Function]}
          onContextMenu={[Function]}
          onDragLeave={[Function]}
          onFocus={[Function]}
          onKeyDown={[Function]}
          onKeyUp={[Function]}
          onMouseDown={[Function]}
          onMouseLeave={[Function]}
          onMouseUp={[Function]}
          onTouchEnd={[Function]}
          onTouchMove={[Function]}
          onTouchStart={[Function]}
          tabIndex={0}
          type="button"
        >
          Advanced
        </button>
      </div>
      <div
        className="MuiGrid-root MuiGrid-item css-13i4rnv-MuiGrid-root"
      >
        <button
          className="MuiButton-root MuiButton-contained MuiButton-containedSuccess MuiButton-sizeMedium MuiButton-containedSizeMedium MuiButtonBase-root  css-ke5b6m-MuiButtonBase-root-MuiButton-root"
          disabled={false}
          onBlur={[Function]}
          onClick={[Function]}
          onContextMenu={[Function]}
          onDragLeave={[Function]}
          onFocus={[Function]}
          onKeyDown={[Function]}
          onKeyUp={[Function]}
          onMouseDown={[Function]}
          onMouseLeave={[Function]}
          onMouseUp={[Function]}
          onTouchEnd={[Function]}
          onTouchMove={[Function]}
          onTouchStart={[Function]}
          tabIndex={0}
          type="button"
        >
          Expert
        </button>
      </div>
    </div>
  </div>
  <div
    className="MuiGrid-root MuiGrid-item MuiGrid-grid-xs-true css-1dqzm9l-MuiGrid-root"
  >
    <div>
      <span />
    </div>
  </div>
  <div
    className="MuiGrid-root MuiGrid-item MuiGrid-grid-xs-true css-1dqzm9l-MuiGrid-root"
  >
    <table
      style={
        Object {
          "display": "block",
        }
      }
    >
      <tbody />
    </table>
  </div>
</div>
`;
